#
# A fatal error has been detected by the Java Runtime Environment:
#
#  SIGSEGV (0xb) at pc=0x00007bf4d4ee4b1a, pid=138352, tid=139958
#
# JRE version: OpenJDK Runtime Environment (17.0.15+6) (build 17.0.15+6-Ubuntu-0ubuntu122.04)
# Java VM: OpenJDK 64-Bit Server VM (17.0.15+6-Ubuntu-0ubuntu122.04, mixed mode, sharing, tiered, compressed oops, compressed class ptrs, g1 gc, linux-amd64)
# Problematic frame:
# C  [libtorch_cpu.so+0x46e4b1a]  std::_Hashtable<std::__cxx11::basic_string<char, std::char_traits<char>, std::allocator<char> >, std::pair<std::__cxx11::basic_string<char, std::char_traits<char>, std::allocator<char> > const, unsigned long>, std::allocator<std::pair<std::__cxx11::basic_string<char, std::char_traits<char>, std::allocator<char> > const, unsigned long> >, std::__detail::_Select1st, std::equal_to<std::__cxx11::basic_string<char, std::char_traits<char>, std::allocator<char> > >, std::hash<std::__cxx11::basic_string<char, std::char_traits<char>, std::allocator<char> > >, std::__detail::_Mod_range_hashing, std::__detail::_Default_ranged_hash, std::__detail::_Prime_rehash_policy, std::__detail::_Hashtable_traits<true, false, true> >::_M_find_before_node(unsigned long, std::__cxx11::basic_string<char, std::char_traits<char>, std::allocator<char> > const&, unsigned long) const+0x1a
#
# Core dump will be written. Default location: Core dumps may be processed with "/usr/share/apport/apport -p%p -s%s -c%c -d%d -P%P -u%u -g%g -F%F -- %E" (or dumping to /home/rishabh.verma@apmosys.mahape/Videos/employeeportal_java/core.138352)
#
# If you would like to submit a bug report, please visit:
#   https://bugs.launchpad.net/ubuntu/+source/openjdk-17
# The crash happened outside the Java Virtual Machine in native code.
# See problematic frame for where to report the bug.
#

---------------  S U M M A R Y ------------

Command Line: -agentlib:jdwp=transport=dt_socket,server=n,suspend=y,address=localhost:41939 -XX:+ShowCodeDetailsInExceptionMessages com.apmosys.employeeportal.EmployeeportalApplication

Host: AMD Ryzen 5 5625U with Radeon Graphics, 12 cores, 10G, Ubuntu 22.04.2 LTS
Time: Sat Jul 19 17:43:04 2025 IST elapsed time: 227.162049 seconds (0d 0h 3m 47s)

---------------  T H R E A D  ---------------

Current thread (0x00007bf50c3fd1d0):  JavaThread "pool-2-thread-1" [_thread_in_native, id=139958, stack(0x00007bf5b2644000,0x00007bf5b2744000)]

Stack: [0x00007bf5b2644000,0x00007bf5b2744000],  sp=0x00007bf5b273f290,  free space=1004k
Native frames: (J=compiled Java code, j=interpreted, Vv=VM code, C=native code)
C  [libtorch_cpu.so+0x46e4b1a]  std::_Hashtable<std::__cxx11::basic_string<char, std::char_traits<char>, std::allocator<char> >, std::pair<std::__cxx11::basic_string<char, std::char_traits<char>, std::allocator<char> > const, unsigned long>, std::allocator<std::pair<std::__cxx11::basic_string<char, std::char_traits<char>, std::allocator<char> > const, unsigned long> >, std::__detail::_Select1st, std::equal_to<std::__cxx11::basic_string<char, std::char_traits<char>, std::allocator<char> > >, std::hash<std::__cxx11::basic_string<char, std::char_traits<char>, std::allocator<char> > >, std::__detail::_Mod_range_hashing, std::__detail::_Default_ranged_hash, std::__detail::_Prime_rehash_policy, std::__detail::_Hashtable_traits<true, false, true> >::_M_find_before_node(unsigned long, std::__cxx11::basic_string<char, std::char_traits<char>, std::allocator<char> > const&, unsigned long) const+0x1a

Java frames: (J=compiled Java code, j=interpreted, Vv=VM code)
J 13509  ai.djl.pytorch.jni.PyTorchLibrary.moduleRunMethod(JLjava/lang/String;[JZZ)J (0 bytes) @ 0x00007bf61d79280f [0x00007bf61d7927a0+0x000000000000006f]
J 13735 c1 ai.djl.pytorch.jni.IValueUtils.forward(Lai/djl/pytorch/engine/PtSymbolBlock;Lai/djl/ndarray/NDList;Z)Lai/djl/ndarray/NDList; (151 bytes) @ 0x00007bf616b4ed44 [0x00007bf616b4e0a0+0x0000000000000ca4]
J 13627 c1 ai.djl.pytorch.engine.PtSymbolBlock.forwardInternal(Lai/djl/training/ParameterStore;Lai/djl/ndarray/NDList;ZLai/djl/util/PairList;)Lai/djl/ndarray/NDList; (237 bytes) @ 0x00007bf616af4f8c [0x00007bf616af26e0+0x00000000000028ac]
J 13697 c1 ai.djl.nn.AbstractBaseBlock.forward(Lai/djl/training/ParameterStore;Lai/djl/ndarray/NDList;ZLai/djl/util/PairList;)Lai/djl/ndarray/NDList; (40 bytes) @ 0x00007bf616b3c96c [0x00007bf616b3bf80+0x00000000000009ec]
J 13734 c1 ai.djl.nn.Block.forward(Lai/djl/training/ParameterStore;Lai/djl/ndarray/NDList;Z)Lai/djl/ndarray/NDList; (11 bytes) @ 0x00007bf61677b2a4 [0x00007bf61677b140+0x0000000000000164]
J 13623 c1 ai.djl.inference.Predictor.batchPredict(Ljava/util/List;)Ljava/util/List; (289 bytes) @ 0x00007bf616aeb9e4 [0x00007bf616aea840+0x00000000000011a4]
J 13689 c1 ai.djl.inference.Predictor.predict(Ljava/lang/Object;)Ljava/lang/Object; (15 bytes) @ 0x00007bf616b2efcc [0x00007bf616b2ed80+0x000000000000024c]
j  com.apmosys.employeeportal.utility.SimilarityFinder.lambda$0(Ljava/util/List;)V+35
j  com.apmosys.employeeportal.utility.SimilarityFinder$$Lambda$1597+0x00007bf5b8d12d50.run()V+8
j  java.util.concurrent.CompletableFuture$AsyncRun.run()V+36 java.base@17.0.15
j  java.util.concurrent.ThreadPoolExecutor.runWorker(Ljava/util/concurrent/ThreadPoolExecutor$Worker;)V+92 java.base@17.0.15
j  java.util.concurrent.ThreadPoolExecutor$Worker.run()V+5 java.base@17.0.15
j  java.lang.Thread.run()V+11 java.base@17.0.15
v  ~StubRoutines::call_stub

siginfo: si_signo: 11 (SIGSEGV), si_code: 1 (SEGV_MAPERR), si_addr: 0x00007bf3738c9021

Registers:
RAX=0x00007bf4ccb91f90, RBX=0x00007bf5b273f2d0, RCX=0x3b5090f2e7c840b6, RDX=0x00007bf5b273f310
RSP=0x00007bf5b273f290, RBP=0x00007bf5b273f310, RSI=0x0000000000000000, RDI=0x00007bf4e77de560
R8 =0x2b91b593ff057ad8, R9 =0x00007bf52c28d430, R10=0x00007bf4cca65620, R11=0xdf7a870a1145b02a
R12=0x00007bf3738c9021, R13=0x0000000000000000, R14=0x00007bf52d383af0, R15=0x00007bf634c966d0
RIP=0x00007bf4d4ee4b1a, EFLAGS=0x0000000000010206, CSGSFS=0x002b000000000033, ERR=0x0000000000000004
  TRAPNO=0x000000000000000e

XMM[0]=0x725f65706168735f 0x63696c6f626d7973
XMM[1]=0x7972747369676572 0x5f65706168735f63
XMM[2]=0x000000000000ffff 0xffffffffffffffff
XMM[3]=0x0000000000000000 0x0000000000000000
XMM[4]=0x0000000000000000 0x3ff0000000000000
XMM[5]=0x0000000000000000 0x00007bf52c000090
XMM[6]=0xbce25e59bdbde49e 0xbc3a40ddbcfef49c
XMM[7]=0x0000000000000000 0x4020000000000000
XMM[8]=0x206e69203e00203a 0x20003a2000282000
XMM[9]=0x0000000000000000 0x0000000000000000
XMM[10]=0x0000000000000000 0x0000000000000000
XMM[11]=0x0000000000000000 0x0000000000000000
XMM[12]=0x0000000000000000 0x0000000000000000
XMM[13]=0x3f8298e5ff879932 0x3f93bd72b673daf2
XMM[14]=0x0000000000000000 0x3dee45a03d85a5b1
XMM[15]=0x3fbdc8b407f0ebf2 0x3fb0b4b621c6398b
  MXCSR=0x00001fb7


Register to memory mapping:

RAX=0x00007bf4ccb91f90 points into unknown readable memory: 0x00007bf3738c9021 | 21 90 8c 73 f3 7b 00 00
RBX=0x00007bf5b273f2d0 is pointing into the stack for thread: 0x00007bf50c3fd1d0
RCX=0x3b5090f2e7c840b6 is an unknown value
RDX=0x00007bf5b273f310 is pointing into the stack for thread: 0x00007bf50c3fd1d0
RSP=0x00007bf5b273f290 is pointing into the stack for thread: 0x00007bf50c3fd1d0
RBP=0x00007bf5b273f310 is pointing into the stack for thread: 0x00007bf50c3fd1d0
RSI=0x0 is NULL
RDI=0x00007bf4e77de560: <offset 0x0000000016fde560> in /home/rishabh.verma@apmosys.mahape/.djl.ai/pytorch/2.0.1-cpu-linux-x86_64/libtorch_cpu.so at 0x00007bf4d0800000
R8 =0x2b91b593ff057ad8 is an unknown value
R9 =0x00007bf52c28d430 points into unknown readable memory: 0x0079727473696765 | 65 67 69 73 74 72 79 00
R10=0x00007bf4cca65620 points into unknown readable memory: 0x00007bf4cca70990 | 90 09 a7 cc f4 7b 00 00
R11=0xdf7a870a1145b02a is an unknown value
R12=0x00007bf3738c9021 is an unknown value
R13=0x0 is NULL
R14=0x00007bf52d383af0 points into unknown readable memory: 0x00007bf4e75a10c0 | c0 10 5a e7 f4 7b 00 00
R15=0x00007bf634c966d0: __pthread_key_create+0x0000000000000000 in /lib/x86_64-linux-gnu/libc.so.6 at 0x00007bf634c00000


Top of Stack: (sp=0x00007bf5b273f290)
0x00007bf5b273f290:   0000000000000017 00007bf5b273f2d0
0x00007bf5b273f2a0:   00007bf5b273f310 0000000000000002
0x00007bf5b273f2b0:   0000000000000000 00007bf52d383af0
0x00007bf5b273f2c0:   00007bf634c966d0 00007bf4d4f0f85a
0x00007bf5b273f2d0:   00007bf52d453540 000000000000001b
0x00007bf5b273f2e0:   000000000000001b 00007bf52d51a810
0x00007bf5b273f2f0:   00007bf52c296430 0000000000000000
0x00007bf5b273f300:   0000000000000035 00007bf6334ae98c
0x00007bf5b273f310:   00007bf52c28d420 0000000000000017
0x00007bf5b273f320:   0000000000000017 00007bf5b273f480
0x00007bf5b273f330:   0000000000000000 504ebf0e035fa000
0x00007bf5b273f340:   0000000000000002 00007bf556347168
0x00007bf5b273f350:   00007bf5b273f7f0 00007bf52d15bea0
0x00007bf5b273f360:   00007bf52d99ed30 00007bf4d529d80a
0x00007bf5b273f370:   00007bf5b273f520 00007bf4d1dd9785
0x00007bf5b273f380:   0000000000000001 00007bf4d1dd974e
0x00007bf5b273f390:   00007bf5b273f820 00007bf634ca5453
0x00007bf5b273f3a0:   00007bf5b273f410 0000000000000002
0x00007bf5b273f3b0:   0000000000000000 00007bf5b273f3e0
0x00007bf5b273f3c0:   00000001b273f420 00007bf5b273f530
0x00007bf5b273f3d0:   00007bf52d4a4d20 00007bf5563672e0
0x00007bf5b273f3e0:   000000000000001b 00007bf4d1dd8bc0
0x00007bf5b273f3f0:   00ff0001ff000100 0000000000000000
0x00007bf5b273f400:   0000000000000034 ffffffffffffff80
0x00007bf5b273f410:   00007bf52d382400 0000000000000017
0x00007bf5b273f420:   0000000000000017 504ebf0e035fa000
0x00007bf5b273f430:   00007bf5b273f820 00007bf52c26fab0
0x00007bf5b273f440:   0000000000000001 00007bf52d768bf0
0x00007bf5b273f450:   00007bf52d767320 504ebf0e035fa000
0x00007bf5b273f460:   00007bf5b273f820 0000000000000000
0x00007bf5b273f470:   00007bf52d51a810 00007bf556366000
0x00007bf5b273f480:   00007bf5563672e0 0000000000000000 

Instructions: (pc=0x00007bf4d4ee4b1a)
0x00007bf4d4ee4a1a:   df 9d fc 48 89 ef e8 ab dd 9d fc e8 36 df 9d fc
0x00007bf4d4ee4a2a:   48 89 c3 e8 3e df 9d fc 48 89 df e8 a6 dd 9d fc
0x00007bf4d4ee4a3a:   66 0f 1f 44 00 00 41 55 41 54 31 d2 55 53 48 83
0x00007bf4d4ee4a4a:   ec 08 48 8b 1e 4c 8b 4f 08 48 89 d8 49 f7 f1 48
0x00007bf4d4ee4a5a:   8b 07 4c 8b 14 d0 48 89 d5 4d 85 d2 74 50 4d 8b
0x00007bf4d4ee4a6a:   02 49 8b 48 08 eb 26 0f 1f 80 00 00 00 00 49 8b
0x00007bf4d4ee4a7a:   00 48 85 c0 74 38 48 8b 48 08 31 d2 4d 89 c2 49
0x00007bf4d4ee4a8a:   89 c0 48 89 c8 49 f7 f1 48 39 d5 75 21 48 39 cb
0x00007bf4d4ee4a9a:   75 dc 49 8b 02 48 85 c0 74 14 48 83 c4 08 48 83
0x00007bf4d4ee4aaa:   c0 10 5b 5d 41 5c 41 5d c3 0f 1f 44 00 00 49 89
0x00007bf4d4ee4aba:   f5 49 89 fc bf 18 00 00 00 e8 48 dd 9d fc 49 8b
0x00007bf4d4ee4aca:   55 00 48 89 ee 4c 89 e7 48 c7 00 00 00 00 00 48
0x00007bf4d4ee4ada:   c7 40 10 00 00 00 00 48 89 c1 48 89 50 08 48 89
0x00007bf4d4ee4aea:   da e8 40 fe ff ff 48 83 c4 08 48 83 c0 10 5b 5d
0x00007bf4d4ee4afa:   41 5c 41 5d c3 90 41 57 41 56 41 55 41 54 55 53
0x00007bf4d4ee4b0a:   48 83 ec 08 48 8b 07 4c 8b 24 f0 4d 85 e4 74 55
0x00007bf4d4ee4b1a:   49 8b 1c 24 49 89 ce 49 89 d7 49 89 f5 48 89 fd
0x00007bf4d4ee4b2a:   4c 8b 43 30 eb 20 48 8b 03 48 85 c0 74 50 4c 8b
0x00007bf4d4ee4b3a:   40 30 31 d2 49 89 dc 48 89 c3 4c 89 c0 48 f7 75
0x00007bf4d4ee4b4a:   08 49 39 d5 75 38 4d 39 c6 75 db 49 8b 57 08 48
0x00007bf4d4ee4b5a:   3b 53 10 75 d1 48 8b 73 08 49 8b 3f e8 15 ca e8
0x00007bf4d4ee4b6a:   fc 85 c0 75 c1 48 83 c4 08 4c 89 e0 5b 5d 41 5c
0x00007bf4d4ee4b7a:   41 5d 41 5e 41 5f c3 0f 1f 80 00 00 00 00 45 31
0x00007bf4d4ee4b8a:   e4 eb e2 0f 1f 00 48 83 fe 01 41 54 55 48 89 fd
0x00007bf4d4ee4b9a:   53 48 89 f3 0f 84 a4 00 00 00 48 89 f7 49 89 d4
0x00007bf4d4ee4baa:   e8 71 64 fe ff 4c 8d 55 30 49 89 c4 48 8b 4d 10
0x00007bf4d4ee4bba:   48 c7 45 10 00 00 00 00 48 85 c9 74 59 45 31 c0
0x00007bf4d4ee4bca:   4c 8d 4d 10 eb 14 48 8b 16 48 89 11 48 8b 00 48
0x00007bf4d4ee4bda:   89 08 48 85 ff 48 89 f9 74 3c 48 8b 41 30 31 d2
0x00007bf4d4ee4bea:   48 8b 39 48 f7 f3 49 8d 04 d4 48 8b 30 48 85 f6
0x00007bf4d4ee4bfa:   75 d4 48 8b 75 10 48 89 31 48 89 4d 10 4c 89 08
0x00007bf4d4ee4c0a:   48 83 39 00 74 30 48 85 ff 4b 89 0c c4 49 89 d0 


Stack slot to memory mapping:
stack at sp + 0 slots: 0x0000000000000017 is an unknown value
stack at sp + 1 slots: 0x00007bf5b273f2d0 is pointing into the stack for thread: 0x00007bf50c3fd1d0
stack at sp + 2 slots: 0x00007bf5b273f310 is pointing into the stack for thread: 0x00007bf50c3fd1d0
stack at sp + 3 slots: 0x0000000000000002 is an unknown value
stack at sp + 4 slots: 0x0 is NULL
stack at sp + 5 slots: 0x00007bf52d383af0 points into unknown readable memory: 0x00007bf4e75a10c0 | c0 10 5a e7 f4 7b 00 00
stack at sp + 6 slots: 0x00007bf634c966d0: __pthread_key_create+0x0000000000000000 in /lib/x86_64-linux-gnu/libc.so.6 at 0x00007bf634c00000
stack at sp + 7 slots: 0x00007bf4d4f0f85a: _ZN5torch3jit10is_enabledEPKcNS0_16JitLoggingLevelsE+0x000000000000015a in /home/rishabh.verma@apmosys.mahape/.djl.ai/pytorch/2.0.1-cpu-linux-x86_64/libtorch_cpu.so at 0x00007bf4d0800000


Compiled method (n/a)  227184 13509     n 0       ai.djl.pytorch.jni.PyTorchLibrary::moduleRunMethod (native)
 total in heap  [0x00007bf61d792610,0x00007bf61d7929b0] = 928
 relocation     [0x00007bf61d792770,0x00007bf61d7927a0] = 48
 main code      [0x00007bf61d7927a0,0x00007bf61d7929a8] = 520
 oops           [0x00007bf61d7929a8,0x00007bf61d7929b0] = 8

[Constant Pool (empty)]

[MachCode]
[Entry Point]
  # {method} {0x00007bf518de1d80} 'moduleRunMethod' '(JLjava/lang/String;[JZZ)J' in 'ai/djl/pytorch/jni/PyTorchLibrary'
  # this:     rsi:rsi   = 'ai/djl/pytorch/jni/PyTorchLibrary'
  # parm0:    rdx:rdx   = long
  # parm1:    rcx:rcx   = 'java/lang/String'
  # parm2:    r8:r8     = '[J'
  # parm3:    r9        = boolean
  # parm4:    rdi       = boolean
  #           [sp+0x50]  (sp of caller)
  0x00007bf61d7927a0: 448b 5608 | 49bb 0000 | 00b7 f57b | 0000 4d03 | d349 3bc2 | 0f84 0600 

  0x00007bf61d7927b8: ;   {runtime_call ic_miss_stub}
  0x00007bf61d7927b8: 0000 e9c1 | 551f ff90 
[Verified Entry Point]
  0x00007bf61d7927c0: 8984 2400 | c0fe ff55 | 488b ec48 | 83ec 4048 | 893c 244c | 8944 2420 | 4983 f800 | 4c8d 4424 
  0x00007bf61d7927e0: 204c 0f44 | 4424 2048 | 894c 2418 | 4883 f900 | 488d 4c24 | 1848 0f44 | 4c24 1848 | 8974 2408 
  0x00007bf61d792800: 4883 fe00 | 488d 7424 | 0848 0f44 | 7424 08c5 

  0x00007bf61d792810: ;   {internal_word}
  0x00007bf61d792810: f877 49ba | 0f28 791d | f67b 0000 | 4d89 9798 | 0200 0049 | 89a7 9002 

  0x00007bf61d792828: ;   {external_word}
  0x00007bf61d792828: 0000 803d | f4a8 3b17 | 000f 843e | 0000 0056 | 5251 4150 

  0x00007bf61d79283c: ;   {metadata({method} {0x00007bf518de1d80} 'moduleRunMethod' '(JLjava/lang/String;[JZZ)J' in 'ai/djl/pytorch/jni/PyTorchLibrary')}
  0x00007bf61d79283c: 4151 48be | 801d de18 | f57b 0000 | 498b fff7 | c40f 0000 | 000f 8412 | 0000 0048 

  0x00007bf61d792858: ;   {runtime_call SharedRuntime::dtrace_method_entry(JavaThread*, Method*)}
  0x00007bf61d792858: 83ec 08e8 | 0009 d716 | 4883 c408 | e905 0000 

  0x00007bf61d792868: ;   {runtime_call SharedRuntime::dtrace_method_entry(JavaThread*, Method*)}
  0x00007bf61d792868: 00e8 f208 | d716 4159 | 4158 595a | 5e49 8dbf | b002 0000 | 41c7 8738 | 0300 0004 

  0x00007bf61d792884: ;   {runtime_call Java_ai_djl_pytorch_jni_PyTorchLibrary_moduleRunMethod}
  0x00007bf61d792884: 0000 00e8 | ed9b 1993 | c5f8 7741 | c787 3803 | 0000 0500 | 0000 f083 | 4424 c000 | 493b af40 
  0x00007bf61d7928a4: 0300 000f | 8711 0000 | 0041 81bf | 2803 0000 | 0000 0000 | 0f84 2400 | 0000 c5f8 | 7748 8945 
  0x00007bf61d7928c4: f849 8bff | 4c8b e448 | 83ec 0048 

  0x00007bf61d7928d0: ;   {runtime_call JavaThread::check_special_condition_for_native_trans(JavaThread*)}
  0x00007bf61d7928d0: 83e4 f0e8 | 581b f316 | 498b e44d | 33e4 488b | 45f8 41c7 | 8738 0300 | 0008 0000 | 0041 81bf 
  0x00007bf61d7928f0: a803 0000 | 0200 0000 | 0f84 8400 

  0x00007bf61d7928fc: ;   {external_word}
  0x00007bf61d7928fc: 0000 803d | 20a8 3b17 | 000f 8438 | 0000 0048 

  0x00007bf61d79290c: ;   {metadata({method} {0x00007bf518de1d80} 'moduleRunMethod' '(JLjava/lang/String;[JZZ)J' in 'ai/djl/pytorch/jni/PyTorchLibrary')}
  0x00007bf61d79290c: 8945 f848 | be80 1dde | 18f5 7b00 | 0049 8bff | f7c4 0f00 | 0000 0f84 | 1200 0000 | 4883 ec08 
  0x00007bf61d79292c: ;   {runtime_call SharedRuntime::dtrace_method_exit(JavaThread*, Method*)}
  0x00007bf61d79292c: e8df 08d7 | 1648 83c4 | 08e9 0500 

  0x00007bf61d792938: ;   {runtime_call SharedRuntime::dtrace_method_exit(JavaThread*, Method*)}
  0x00007bf61d792938: 0000 e8d1 | 08d7 1648 | 8b45 f849 | c787 9002 | 0000 0000 | 0000 49c7 | 8798 0200 | 0000 0000 
  0x00007bf61d792958: 00c5 f877 | 498b 8fd8 | 0000 00c7 | 8100 0100 | 0000 0000 | 00c9 4981 | 7f08 0000 | 0000 0f85 
  0x00007bf61d792978: 0100 0000 

  0x00007bf61d79297c: ;   {runtime_call StubRoutines (1)}
  0x00007bf61d79297c: c3e9 7e52 | 1aff c5f8 | 7748 8945 | f84c 8be4 | 4883 ec00 | 4883 e4f0 

  0x00007bf61d792994: ;   {runtime_call SharedRuntime::reguard_yellow_pages()}
  0x00007bf61d792994: e867 17d7 | 1649 8be4 | 4d33 e448 | 8b45 f8e9 | 56ff ffff 
[/MachCode]


Compiled method (c1)  227200 13735   !   3       ai.djl.pytorch.jni.IValueUtils::forward (151 bytes)
 total in heap  [0x00007bf616b4da10,0x00007bf616b52ef8] = 21736
 relocation     [0x00007bf616b4db70,0x00007bf616b4e088] = 1304
 main code      [0x00007bf616b4e0a0,0x00007bf616b51680] = 13792
 stub code      [0x00007bf616b51680,0x00007bf616b51880] = 512
 oops           [0x00007bf616b51880,0x00007bf616b518e0] = 96
 metadata       [0x00007bf616b518e0,0x00007bf616b51a50] = 368
 scopes data    [0x00007bf616b51a50,0x00007bf616b52430] = 2528
 scopes pcs     [0x00007bf616b52430,0x00007bf616b52c30] = 2048
 dependencies   [0x00007bf616b52c30,0x00007bf616b52c98] = 104
 handler table  [0x00007bf616b52c98,0x00007bf616b52e60] = 456
 nul chk table  [0x00007bf616b52e60,0x00007bf616b52ef8] = 152

[Constant Pool (empty)]

[MachCode]
[Verified Entry Point]
  # {method} {0x00007bf518ec3db8} 'forward' '(Lai/djl/pytorch/engine/PtSymbolBlock;Lai/djl/ndarray/NDList;Z)Lai/djl/ndarray/NDList;' in 'ai/djl/pytorch/jni/IValueUtils'
  # parm0:    rsi:rsi   = 'ai/djl/pytorch/engine/PtSymbolBlock'
  # parm1:    rdx:rdx   = 'ai/djl/ndarray/NDList'
  # parm2:    rcx       = boolean
  #           [sp+0x210]  (sp of caller)
  0x00007bf616b4e0a0: 8984 2400 | c0fe ff55 | 4881 ec00 | 0200 0048 | 89b4 2410 | 0100 0048 | 8994 2420 | 0100 0089 
  0x00007bf616b4e0c0: 8c24 1801 

  0x00007bf616b4e0c4: ;   {metadata(method data for {method} {0x00007bf518ec3db8} 'forward' '(Lai/djl/pytorch/engine/PtSymbolBlock;Lai/djl/ndarray/NDList;Z)Lai/djl/ndarray/NDList;' in 'ai/djl/pytorch/jni/IValueUtils')}
  0x00007bf616b4e0c4: 0000 48bf | a078 ee18 | f57b 0000 | 8b9f f400 | 0000 83c3 | 0289 9ff4 | 0000 0081 | e3fe 0700 
  0x00007bf616b4e0e4: 0083 fb00 | 0f84 512d 

  0x00007bf616b4e0ec: ;   {metadata(method data for {method} {0x00007bf518ec3db8} 'forward' '(Lai/djl/pytorch/engine/PtSymbolBlock;Lai/djl/ndarray/NDList;Z)Lai/djl/ndarray/NDList;' in 'ai/djl/pytorch/jni/IValueUtils')}
  0x00007bf616b4e0ec: 0000 48bf | a078 ee18 | f57b 0000 | 4883 8738 | 0100 0001 | 488b f20f 

  0x00007bf616b4e104: ;   {static_call}
  0x00007bf616b4e104: 1f40 00e8 

  0x00007bf616b4e108: ; ImmutableOopMap {[272]=Oop [288]=Oop }
                      ;*invokestatic getInputs {reexecute=0 rethrow=0 return_oop=0}
                      ; - ai.djl.pytorch.jni.IValueUtils::forward@1 (line 52)
  0x00007bf616b4e108: 7935 0000 

  0x00007bf616b4e10c: ; implicit exception: dispatches to 0x00007bf616b50e60
  0x00007bf616b4e10c: 483b 0048 

  0x00007bf616b4e110: ;   {metadata(method data for {method} {0x00007bf518ec3db8} 'forward' '(Lai/djl/pytorch/engine/PtSymbolBlock;Lai/djl/ndarray/NDList;Z)Lai/djl/ndarray/NDList;' in 'ai/djl/pytorch/jni/IValueUtils')}
  0x00007bf616b4e110: 8bf0 48ba | a078 ee18 | f57b 0000 | 4883 8260 | 0100 0001 | 8b70 0c48 | c1e6 0348 | 83fe 0075 
  0x00007bf616b4e130: ;   {metadata(method data for {method} {0x00007bf518ec3db8} 'forward' '(Lai/djl/pytorch/engine/PtSymbolBlock;Lai/djl/ndarray/NDList;Z)Lai/djl/ndarray/NDList;' in 'ai/djl/pytorch/jni/IValueUtils')}
  0x00007bf616b4e130: 1648 baa0 | 78ee 18f5 | 7b00 0080 | 8a79 0100 | 0001 e9d3 

  0x00007bf616b4e144: ;   {metadata('ai/djl/pytorch/jni/IValue'[])}
  0x00007bf616b4e144: 0000 0048 | b9a8 efab | b8f5 7b00 | 008b 5608 | 49ba 0000 | 00b7 f57b | 0000 4903 | d248 3b4a 
  0x00007bf616b4e164: 480f 8593 

  0x00007bf616b4e168: ;   {metadata(method data for {method} {0x00007bf518ec3db8} 'forward' '(Lai/djl/pytorch/engine/PtSymbolBlock;Lai/djl/ndarray/NDList;Z)Lai/djl/ndarray/NDList;' in 'ai/djl/pytorch/jni/IValueUtils')}
  0x00007bf616b4e168: 0000 0048 | baa0 78ee | 18f5 7b00 | 008b 4e08 | 49ba 0000 | 00b7 f57b | 0000 4903 | ca48 3b8a 
  0x00007bf616b4e188: 9001 0000 | 750d 4883 | 8298 0100 | 0001 e97f | 0000 0048 | 3b8a a001 | 0000 750d | 4883 82a8 
  0x00007bf616b4e1a8: 0100 0001 | e969 0000 | 0048 81ba | 9001 0000 | 0000 0000 | 7517 4889 | 8a90 0100 | 0048 c782 
  0x00007bf616b4e1c8: 9801 0000 | 0100 0000 | e945 0000 | 0048 81ba | a001 0000 | 0000 0000 | 7517 4889 | 8aa0 0100 
  0x00007bf616b4e1e8: 0048 c782 | a801 0000 | 0100 0000 | e921 0000 | 00e9 1c00 

  0x00007bf616b4e1fc: ;   {metadata(method data for {method} {0x00007bf518ec3db8} 'forward' '(Lai/djl/pytorch/engine/PtSymbolBlock;Lai/djl/ndarray/NDList;Z)Lai/djl/ndarray/NDList;' in 'ai/djl/pytorch/jni/IValueUtils')}
  0x00007bf616b4e1fc: 0000 48ba | a078 ee18 | f57b 0000 | 4883 aa80 | 0100 0001 | e950 2c00 | 00e9 0000 | 0000 488b 
  0x00007bf616b4e21c: fe48 8bf0 

  0x00007bf616b4e220: ;   {metadata(method data for {method} {0x00007bf518ec3db8} 'forward' '(Lai/djl/pytorch/engine/PtSymbolBlock;Lai/djl/ndarray/NDList;Z)Lai/djl/ndarray/NDList;' in 'ai/djl/pytorch/jni/IValueUtils')}
  0x00007bf616b4e220: 48ba a078 | ee18 f57b | 0000 4883 | 82d0 0100 | 0001 8b70 | 1048 c1e6 | 0348 83fe 

  0x00007bf616b4e23c: ;   {metadata(method data for {method} {0x00007bf518ec3db8} 'forward' '(Lai/djl/pytorch/engine/PtSymbolBlock;Lai/djl/ndarray/NDList;Z)Lai/djl/ndarray/NDList;' in 'ai/djl/pytorch/jni/IValueUtils')}
  0x00007bf616b4e23c: 0075 1648 | baa0 78ee | 18f5 7b00 | 0080 8ae9 | 0100 0001 | e9d2 0000 

  0x00007bf616b4e254: ;   {metadata('java/lang/String')}
  0x00007bf616b4e254: 0048 b920 | ec00 b7f5 | 7b00 008b | 5e08 49ba | 0000 00b7 | f57b 0000 | 4903 da48 | 3bcb 0f85 
  0x00007bf616b4e274: 9300 0000 

  0x00007bf616b4e278: ;   {metadata(method data for {method} {0x00007bf518ec3db8} 'forward' '(Lai/djl/pytorch/engine/PtSymbolBlock;Lai/djl/ndarray/NDList;Z)Lai/djl/ndarray/NDList;' in 'ai/djl/pytorch/jni/IValueUtils')}
  0x00007bf616b4e278: 48ba a078 | ee18 f57b | 0000 8b4e | 0849 ba00 | 0000 b7f5 | 7b00 0049 | 03ca 483b | 8a00 0200 
  0x00007bf616b4e298: 0075 0d48 | 8382 0802 | 0000 01e9 | 7f00 0000 | 483b 8a10 | 0200 0075 | 0d48 8382 | 1802 0000 
  0x00007bf616b4e2b8: 01e9 6900 | 0000 4881 | ba00 0200 | 0000 0000 | 0075 1748 | 898a 0002 | 0000 48c7 | 8208 0200 
  0x00007bf616b4e2d8: 0001 0000 | 00e9 4500 | 0000 4881 | ba10 0200 | 0000 0000 | 0075 1748 | 898a 1002 | 0000 48c7 
  0x00007bf616b4e2f8: 8218 0200 | 0001 0000 | 00e9 2100 | 0000 e91c 

  0x00007bf616b4e308: ;   {metadata(method data for {method} {0x00007bf518ec3db8} 'forward' '(Lai/djl/pytorch/engine/PtSymbolBlock;Lai/djl/ndarray/NDList;Z)Lai/djl/ndarray/NDList;' in 'ai/djl/pytorch/jni/IValueUtils')}
  0x00007bf616b4e308: 0000 0048 | baa0 78ee | 18f5 7b00 | 0048 83aa | f001 0000 | 01e9 4c2b | 0000 e900 | 0000 0048 
  0x00007bf616b4e328: 8bde 4889 | 9c24 2801 

  0x00007bf616b4e330: ;   {metadata(method data for {method} {0x00007bf518ec3db8} 'forward' '(Lai/djl/pytorch/engine/PtSymbolBlock;Lai/djl/ndarray/NDList;Z)Lai/djl/ndarray/NDList;' in 'ai/djl/pytorch/jni/IValueUtils')}
  0x00007bf616b4e330: 0000 48be | a078 ee18 | f57b 0000 | 4883 8628 | 0200 0001 

  0x00007bf616b4e344: ;   {metadata(method data for {method} {0x00007bf5b73e6a58} 'stream' '([Ljava/lang/Object;)Ljava/util/stream/Stream;' in 'java/util/Arrays')}
  0x00007bf616b4e344: 48be 0879 | 3cb4 f57b | 0000 8b96 | f400 0000 | 83c2 0289 | 96f4 0000 | 0081 e2fe | ff1f 0083 
  0x00007bf616b4e364: fa00 0f84 | 0b2b 0000 

  0x00007bf616b4e36c: ; implicit exception: dispatches to 0x00007bf616b50e98
  0x00007bf616b4e36c: 448b 4f0c | 4489 8c24 | 1c01 0000 

  0x00007bf616b4e378: ;   {metadata(method data for {method} {0x00007bf5b73e6a58} 'stream' '([Ljava/lang/Object;)Ljava/util/stream/Stream;' in 'java/util/Arrays')}
  0x00007bf616b4e378: 48be 0879 | 3cb4 f57b | 0000 4883 | 8638 0100 

  0x00007bf616b4e388: ;   {metadata(method data for {method} {0x00007bf5b73e6a00} 'stream' '([Ljava/lang/Object;II)Ljava/util/stream/Stream;' in 'java/util/Arrays')}
  0x00007bf616b4e388: 0001 48be | 907a 3cb4 | f57b 0000 | 8b96 f400 | 0000 83c2 | 0289 96f4 | 0000 0081 | e2fe ff1f 
  0x00007bf616b4e3a8: 0083 fa00 | 0f84 eb2a 

  0x00007bf616b4e3b0: ;   {metadata(method data for {method} {0x00007bf5b73e6a00} 'stream' '([Ljava/lang/Object;II)Ljava/util/stream/Stream;' in 'java/util/Arrays')}
  0x00007bf616b4e3b0: 0000 48be | 907a 3cb4 | f57b 0000 | 4883 8638 | 0100 0001 

  0x00007bf616b4e3c4: ;   {metadata(method data for {method} {0x00007bf5b73e62c8} 'spliterator' '([Ljava/lang/Object;II)Ljava/util/Spliterator;' in 'java/util/Arrays')}
  0x00007bf616b4e3c4: 48be 387c | 3cb4 f57b | 0000 8b96 | f400 0000 | 83c2 0289 | 96f4 0000 | 0081 e2fe | ff1f 0083 
  0x00007bf616b4e3e4: fa00 0f84 | d22a 0000 

  0x00007bf616b4e3ec: ;   {metadata(method data for {method} {0x00007bf5b73e62c8} 'spliterator' '([Ljava/lang/Object;II)Ljava/util/Spliterator;' in 'java/util/Arrays')}
  0x00007bf616b4e3ec: 48be 387c | 3cb4 f57b | 0000 4883 | 8638 0100 | 0001 488b | f7ba 0000 | 0000 498b | c941 b810 
  0x00007bf616b4e40c: 0400 0048 | 8984 2438 | 0100 0048 | 89bc 2430 

  0x00007bf616b4e41c: ;   {static_call}
  0x00007bf616b4e41c: 0100 00e8 

  0x00007bf616b4e420: ; ImmutableOopMap {[272]=Oop [288]=Oop [296]=Oop [304]=Oop [312]=Oop }
                      ;*invokestatic spliterator {reexecute=0 rethrow=0 return_oop=0}
                      ; - java.util.Arrays::spliterator@6 (line 5296)
                      ; - java.util.Arrays::stream@3 (line 5447)
                      ; - java.util.Arrays::stream@4 (line 5428)
                      ; - ai.djl.pytorch.jni.IValueUtils::forward@25 (line 55)
  0x00007bf616b4e420: 7c41 9506 

  0x00007bf616b4e424: ;   {metadata(method data for {method} {0x00007bf5b73e6a00} 'stream' '([Ljava/lang/Object;II)Ljava/util/stream/Stream;' in 'java/util/Arrays')}
  0x00007bf616b4e424: 48be 907a | 3cb4 f57b | 0000 4883 | 8648 0100 | 0001 488b | f0ba 0000 

  0x00007bf616b4e43c: ;   {static_call}
  0x00007bf616b4e43c: 0000 90e8 

  0x00007bf616b4e440: ; ImmutableOopMap {[272]=Oop [288]=Oop [296]=Oop [304]=Oop [312]=Oop }
                      ;*invokestatic stream {reexecute=0 rethrow=0 return_oop=0}
                      ; - java.util.Arrays::stream@7 (line 5447)
                      ; - java.util.Arrays::stream@4 (line 5428)
                      ; - ai.djl.pytorch.jni.IValueUtils::forward@25 (line 55)
  0x00007bf616b4e440: 5c8a 5306 

  0x00007bf616b4e444: ;   {metadata(method data for {method} {0x00007bf5b70d8d10} 'linkToTargetMethod' '(Ljava/lang/Object;)Ljava/lang/Object;' in 'java/lang/invoke/Invokers$Holder')}
  0x00007bf616b4e444: 48ba 1864 | 14b3 f57b | 0000 488d | 9210 0200 

  0x00007bf616b4e454: ;   {oop(a 'java/lang/invoke/BoundMethodHandle$Species_L'{0x0000000754060e88})}
  0x00007bf616b4e454: 0048 be88 | 0e06 5407 | 0000 0048 | 85f6 750e | 48f7 0201 | 0000 0075 | 05f0 4883 

  0x00007bf616b4e470: ;   {metadata(method data for {method} {0x00007bf518ec3db8} 'forward' '(Lai/djl/pytorch/engine/PtSymbolBlock;Lai/djl/ndarray/NDList;Z)Lai/djl/ndarray/NDList;' in 'ai/djl/pytorch/jni/IValueUtils')}
  0x00007bf616b4e470: 0a01 48ba | a078 ee18 | f57b 0000 | 4883 8238 | 0200 0001 

  0x00007bf616b4e484: ;   {metadata(method data for {method} {0x00007bf5b70d8d10} 'linkToTargetMethod' '(Ljava/lang/Object;)Ljava/lang/Object;' in 'java/lang/invoke/Invokers$Holder')}
  0x00007bf616b4e484: 48ba 1864 | 14b3 f57b | 0000 8bba | f400 0000 | 83c7 0289 | baf4 0000 | 0081 e7fe | ff1f 0083 
  0x00007bf616b4e4a4: ff00 0f84 | 332a 0000 

  0x00007bf616b4e4ac: ;   {metadata(method data for {method} {0x00007bf5b348c268} 'invoke' '(Ljava/lang/Object;)Ljava/lang/Object;' in 'java/lang/invoke/LambdaForm$MH+0x00007bf5b8014000')}
  0x00007bf616b4e4ac: 48ba a0c4 | 48b3 f57b | 0000 488d | 92c8 0100 | 0048 85f6 | 750e 48f7 | 0201 0000 | 0075 05f0 
  0x00007bf616b4e4cc: 4883 0a01 

  0x00007bf616b4e4d0: ;   {metadata(method data for {method} {0x00007bf5b70d8d10} 'linkToTargetMethod' '(Ljava/lang/Object;)Ljava/lang/Object;' in 'java/lang/invoke/Invokers$Holder')}
  0x00007bf616b4e4d0: 48ba 1864 | 14b3 f57b | 0000 4883 | 8270 0100 

  0x00007bf616b4e4e0: ;   {metadata(method data for {method} {0x00007bf5b348c268} 'invoke' '(Ljava/lang/Object;)Ljava/lang/Object;' in 'java/lang/invoke/LambdaForm$MH+0x00007bf5b8014000')}
  0x00007bf616b4e4e0: 0001 48ba | a0c4 48b3 | f57b 0000 | 8bb2 f400 | 0000 83c6 | 0289 b2f4 | 0000 0081 | e6fe ff1f 
  0x00007bf616b4e500: 0083 fe00 | 0f84 f629 

  0x00007bf616b4e508: ;   {metadata(method data for {method} {0x00007bf5b70d8d10} 'linkToTargetMethod' '(Ljava/lang/Object;)Ljava/lang/Object;' in 'java/lang/invoke/Invokers$Holder')}
  0x00007bf616b4e508: 0000 48ba | 1864 14b3 | f57b 0000 | 488d 92a8 

  0x00007bf616b4e518: ;   {oop(a 'ai/djl/pytorch/jni/IValueUtils$$Lambda$1276+0x00007bf5b8abf1a0'{0x0000000754060ea8})}
  0x00007bf616b4e518: 0100 0048 | bea8 0e06 | 5407 0000 | 0048 85f6 | 750e 48f7 | 0201 0000 | 0075 05f0 | 4883 0a01 
  0x00007bf616b4e538: ;   {metadata(method data for {method} {0x00007bf518ec3db8} 'forward' '(Lai/djl/pytorch/engine/PtSymbolBlock;Lai/djl/ndarray/NDList;Z)Lai/djl/ndarray/NDList;' in 'ai/djl/pytorch/jni/IValueUtils')}
  0x00007bf616b4e538: 48ba a078 | ee18 f57b | 0000 488d | 9248 0200 | 0048 85f6 | 750e 48f7 | 0201 0000 | 0075 05f0 
  0x00007bf616b4e558: 4883 0a01 | 4883 f800 | 0f84 2900 

  0x00007bf616b4e564: ;   {metadata('java/util/stream/ReferencePipeline')}
  0x00007bf616b4e564: 0000 48b9 | 00a7 0fb7 | f57b 0000 | 8b58 0849 | ba00 0000 | b7f5 7b00 | 0049 03da | 483b 4b48 
  0x00007bf616b4e584: 0f85 9729 | 0000 e900 | 0000 0048 | 8bd0 483b | 0048 8bd0 

  0x00007bf616b4e598: ;   {metadata(method data for {method} {0x00007bf518ec3db8} 'forward' '(Lai/djl/pytorch/engine/PtSymbolBlock;Lai/djl/ndarray/NDList;Z)Lai/djl/ndarray/NDList;' in 'ai/djl/pytorch/jni/IValueUtils')}
  0x00007bf616b4e598: 48bf a078 | ee18 f57b | 0000 8b52 | 0849 ba00 | 0000 b7f5 | 7b00 0049 | 03d2 483b | 9768 0200 
  0x00007bf616b4e5b8: 0075 0d48 | 8387 7002 | 0000 01e9 | 6600 0000 | 483b 9778 | 0200 0075 | 0d48 8387 | 8002 0000 
  0x00007bf616b4e5d8: 01e9 5000 | 0000 4881 | bf68 0200 | 0000 0000 | 0075 1748 | 8997 6802 | 0000 48c7 | 8770 0200 
  0x00007bf616b4e5f8: 0001 0000 | 00e9 2c00 | 0000 4881 | bf78 0200 | 0000 0000 | 0075 1748 | 8997 7802 | 0000 48c7 
  0x00007bf616b4e618: 8780 0200 | 0001 0000 | 00e9 0800 | 0000 4883 | 8758 0200 | 0001 488b | d648 8bf0 

  0x00007bf616b4e634: ;   {optimized virtual_call}
  0x00007bf616b4e634: 6666 90e8 

  0x00007bf616b4e638: ; ImmutableOopMap {[272]=Oop [288]=Oop [296]=Oop [304]=Oop [312]=Oop }
                      ;*invokeinterface mapToLong {reexecute=0 rethrow=0 return_oop=0}
                      ; - ai.djl.pytorch.jni.IValueUtils::forward@33 (line 55)
  0x00007bf616b4e638: e405 f6ff | 4883 f800 | 0f84 2900 

  0x00007bf616b4e644: ;   {metadata('java/util/stream/LongPipeline')}
  0x00007bf616b4e644: 0000 48bb | e01c 9eb8 | f57b 0000 | 8b78 0849 | ba00 0000 | b7f5 7b00 | 0049 03fa | 483b 5f48 
  0x00007bf616b4e664: 0f85 c128 | 0000 e900 | 0000 0048 | 8bd0 483b | 0048 8bd0 

  0x00007bf616b4e678: ;   {metadata(method data for {method} {0x00007bf518ec3db8} 'forward' '(Lai/djl/pytorch/engine/PtSymbolBlock;Lai/djl/ndarray/NDList;Z)Lai/djl/ndarray/NDList;' in 'ai/djl/pytorch/jni/IValueUtils')}
  0x00007bf616b4e678: 48be a078 | ee18 f57b | 0000 8b52 | 0849 ba00 | 0000 b7f5 | 7b00 0049 | 03d2 483b | 96a0 0200 
  0x00007bf616b4e698: 0075 0d48 | 8386 a802 | 0000 01e9 | 6600 0000 | 483b 96b0 | 0200 0075 | 0d48 8386 | b802 0000 
  0x00007bf616b4e6b8: 01e9 5000 | 0000 4881 | bea0 0200 | 0000 0000 | 0075 1748 | 8996 a002 | 0000 48c7 | 86a8 0200 
  0x00007bf616b4e6d8: 0001 0000 | 00e9 2c00 | 0000 4881 | beb0 0200 | 0000 0000 | 0075 1748 | 8996 b002 | 0000 48c7 
  0x00007bf616b4e6f8: 86b8 0200 | 0001 0000 | 00e9 0800 | 0000 4883 | 8690 0200 

  0x00007bf616b4e70c: ;   {metadata(method data for {method} {0x00007bf518be5170} 'toArray' '()[J' in 'java/util/stream/LongPipeline')}
  0x00007bf616b4e70c: 0001 48ba | c085 f018 | f57b 0000 | 8bb2 f400 | 0000 83c6 | 0289 b2f4 | 0000 0081 | e6fe ff1f 
  0x00007bf616b4e72c: 0083 fe00 | 0f84 ff27 

  0x00007bf616b4e734: ;   {metadata(method data for {method} {0x00007bf5b70d8d10} 'linkToTargetMethod' '(Ljava/lang/Object;)Ljava/lang/Object;' in 'java/lang/invoke/Invokers$Holder')}
  0x00007bf616b4e734: 0000 48ba | 1864 14b3 | f57b 0000 | 488d 9210 

  0x00007bf616b4e744: ;   {oop(a 'java/lang/invoke/BoundMethodHandle$Species_L'{0x0000000754077850})}
  0x00007bf616b4e744: 0200 0048 | be50 7807 | 5407 0000 | 0048 85f6 | 750e 48f7 | 0201 0000 | 0075 05f0 | 4883 0a01 
  0x00007bf616b4e764: ;   {metadata(method data for {method} {0x00007bf518be5170} 'toArray' '()[J' in 'java/util/stream/LongPipeline')}
  0x00007bf616b4e764: 48ba c085 | f018 f57b | 0000 4883 | 8238 0100 

  0x00007bf616b4e774: ;   {metadata(method data for {method} {0x00007bf5b70d8d10} 'linkToTargetMethod' '(Ljava/lang/Object;)Ljava/lang/Object;' in 'java/lang/invoke/Invokers$Holder')}
  0x00007bf616b4e774: 0001 48ba | 1864 14b3 | f57b 0000 | 8bba f400 | 0000 83c7 | 0289 baf4 | 0000 0081 | e7fe ff1f 
  0x00007bf616b4e794: 0083 ff00 | 0f84 b827 

  0x00007bf616b4e79c: ;   {metadata(method data for {method} {0x00007bf5b348c268} 'invoke' '(Ljava/lang/Object;)Ljava/lang/Object;' in 'java/lang/invoke/LambdaForm$MH+0x00007bf5b8014000')}
  0x00007bf616b4e79c: 0000 48ba | a0c4 48b3 | f57b 0000 | 488d 92c8 | 0100 0048 | 85f6 750e | 48f7 0201 | 0000 0075 
  0x00007bf616b4e7bc: 05f0 4883 

  0x00007bf616b4e7c0: ;   {metadata(method data for {method} {0x00007bf5b70d8d10} 'linkToTargetMethod' '(Ljava/lang/Object;)Ljava/lang/Object;' in 'java/lang/invoke/Invokers$Holder')}
  0x00007bf616b4e7c0: 0a01 48ba | 1864 14b3 | f57b 0000 | 4883 8270 | 0100 0001 

  0x00007bf616b4e7d4: ;   {metadata(method data for {method} {0x00007bf5b348c268} 'invoke' '(Ljava/lang/Object;)Ljava/lang/Object;' in 'java/lang/invoke/LambdaForm$MH+0x00007bf5b8014000')}
  0x00007bf616b4e7d4: 48ba a0c4 | 48b3 f57b | 0000 8bb2 | f400 0000 | 83c6 0289 | b2f4 0000 | 0081 e6fe | ff1f 0083 
  0x00007bf616b4e7f4: fe00 0f84 | 7b27 0000 

  0x00007bf616b4e7fc: ;   {metadata(method data for {method} {0x00007bf5b70d8d10} 'linkToTargetMethod' '(Ljava/lang/Object;)Ljava/lang/Object;' in 'java/lang/invoke/Invokers$Holder')}
  0x00007bf616b4e7fc: 48ba 1864 | 14b3 f57b | 0000 488d | 92a8 0100 

  0x00007bf616b4e80c: ;   {oop(a 'java/util/stream/LongPipeline$$Lambda$1274+0x00007bf5b89e5108'{0x0000000754077870})}
  0x00007bf616b4e80c: 0048 be70 | 7807 5407 | 0000 0048 | 85f6 750e | 48f7 0201 | 0000 0075 | 05f0 4883 

  0x00007bf616b4e828: ;   {metadata(method data for {method} {0x00007bf518be5170} 'toArray' '()[J' in 'java/util/stream/LongPipeline')}
  0x00007bf616b4e828: 0a01 48ba | c085 f018 | f57b 0000 | 488d 9248 | 0100 0048 | 85f6 750e | 48f7 0201 | 0000 0075 
  0x00007bf616b4e848: 05f0 4883 | 0a01 488b 

  0x00007bf616b4e850: ;   {metadata(method data for {method} {0x00007bf518be5170} 'toArray' '()[J' in 'java/util/stream/LongPipeline')}
  0x00007bf616b4e850: d048 bfc0 | 85f0 18f5 | 7b00 0048 | 8387 5801 | 0000 0148 | 8bd6 488b | f048 8984 | 2440 0100 
  0x00007bf616b4e870: 0066 0f1f 

  0x00007bf616b4e874: ;   {optimized virtual_call}
  0x00007bf616b4e874: 4400 00e8 

  0x00007bf616b4e878: ; ImmutableOopMap {[272]=Oop [288]=Oop [296]=Oop [304]=Oop [312]=Oop [320]=Oop }
                      ;*invokevirtual evaluateToArrayNode {reexecute=0 rethrow=0 return_oop=0}
                      ; - java.util.stream.LongPipeline::toArray@6 (line 545)
                      ; - ai.djl.pytorch.jni.IValueUtils::forward@38 (line 55)
  0x00007bf616b4e878: a4ef c506 | 4883 f800 

  0x00007bf616b4e880: ;   {metadata(method data for {method} {0x00007bf518be5170} 'toArray' '()[J' in 'java/util/stream/LongPipeline')}
  0x00007bf616b4e880: 7516 48bb | c085 f018 | f57b 0000 | 808b 8901 | 0000 01e9 | ee00 0000 

  0x00007bf616b4e898: ;   {metadata('java/util/stream/Node$OfLong')}
  0x00007bf616b4e898: 48be b01d | 07b8 f57b | 0000 8b58 | 0849 ba00 | 0000 b7f5 | 7b00 0049 | 03da 483b | 7320 0f84 
  0x00007bf616b4e8b8: 1b00 0000 | 483b de0f | 8412 0000 

  0x00007bf616b4e8c4: ;   {runtime_call slow_subtype_check Runtime1 stub}
  0x00007bf616b4e8c4: 0053 56e8 | 34c9 ee05 | 5b5b 83fb | 000f 8493 

  0x00007bf616b4e8d4: ;   {metadata(method data for {method} {0x00007bf518be5170} 'toArray' '()[J' in 'java/util/stream/LongPipeline')}
  0x00007bf616b4e8d4: 0000 0048 | bbc0 85f0 | 18f5 7b00 | 008b 7008 | 49ba 0000 | 00b7 f57b | 0000 4903 | f248 3bb3 
  0x00007bf616b4e8f4: a001 0000 | 750d 4883 | 83a8 0100 | 0001 e97f | 0000 0048 | 3bb3 b001 | 0000 750d | 4883 83b8 
  0x00007bf616b4e914: 0100 0001 | e969 0000 | 0048 81bb | a001 0000 | 0000 0000 | 7517 4889 | b3a0 0100 | 0048 c783 
  0x00007bf616b4e934: a801 0000 | 0100 0000 | e945 0000 | 0048 81bb | b001 0000 | 0000 0000 | 7517 4889 | b3b0 0100 
  0x00007bf616b4e954: 0048 c783 | b801 0000 | 0100 0000 | e921 0000 | 00e9 1c00 

  0x00007bf616b4e968: ;   {metadata(method data for {method} {0x00007bf518be5170} 'toArray' '()[J' in 'java/util/stream/LongPipeline')}
  0x00007bf616b4e968: 0000 48bb | c085 f018 | f57b 0000 | 4883 ab90 | 0100 0001 | e917 2600 | 00e9 0000 | 0000 488b 
  0x00007bf616b4e988: ;   {metadata(method data for {method} {0x00007bf518be5170} 'toArray' '()[J' in 'java/util/stream/LongPipeline')}
  0x00007bf616b4e988: f048 bfc0 | 85f0 18f5 | 7b00 0048 | 8387 c801 | 0000 010f 

  0x00007bf616b4e99c: ;   {static_call}
  0x00007bf616b4e99c: 1f40 00e8 

  0x00007bf616b4e9a0: ; ImmutableOopMap {[272]=Oop [288]=Oop [296]=Oop [304]=Oop [312]=Oop [320]=Oop }
                      ;*invokestatic flattenLong {reexecute=0 rethrow=0 return_oop=0}
                      ; - java.util.stream.LongPipeline::toArray@12 (line 545)
                      ; - ai.djl.pytorch.jni.IValueUtils::forward@38 (line 55)
  0x00007bf616b4e9a0: 7c61 4606 

  0x00007bf616b4e9a4: ; implicit exception: dispatches to 0x00007bf616b50fa1
  0x00007bf616b4e9a4: 483b 0048 

  0x00007bf616b4e9a8: ;   {metadata(method data for {method} {0x00007bf518be5170} 'toArray' '()[J' in 'java/util/stream/LongPipeline')}
  0x00007bf616b4e9a8: 8bf0 48bf | c085 f018 | f57b 0000 | 8b76 0849 | ba00 0000 | b7f5 7b00 | 0049 03f2 | 483b b7e8 
  0x00007bf616b4e9c8: 0100 0075 | 0d48 8387 | f001 0000 | 01e9 6600 | 0000 483b | b7f8 0100 | 0075 0d48 | 8387 0002 
  0x00007bf616b4e9e8: 0000 01e9 | 5000 0000 | 4881 bfe8 | 0100 0000 | 0000 0075 | 1748 89b7 | e801 0000 | 48c7 87f0 
  0x00007bf616b4ea08: 0100 0001 | 0000 00e9 | 2c00 0000 | 4881 bff8 | 0100 0000 | 0000 0075 | 1748 89b7 | f801 0000 
  0x00007bf616b4ea28: 48c7 8700 | 0200 0001 | 0000 00e9 | 0800 0000 | 4883 87d8 | 0100 0001 | 488b f066 | 9048 b8a8 
  0x00007bf616b4ea48: 5f9e b8f5 

  0x00007bf616b4ea4c: ;   {virtual_call}
  0x00007bf616b4ea4c: 7b00 00e8 

  0x00007bf616b4ea50: ; ImmutableOopMap {[272]=Oop [288]=Oop [296]=Oop [304]=Oop [312]=Oop [320]=Oop }
                      ;*invokeinterface asPrimitiveArray {reexecute=0 rethrow=0 return_oop=0}
                      ; - java.util.stream.LongPipeline::toArray@15 (line 546)
                      ; - ai.djl.pytorch.jni.IValueUtils::forward@38 (line 55)
  0x00007bf616b4ea50: cc18 a606 | 4883 f800 

  0x00007bf616b4ea58: ;   {metadata(method data for {method} {0x00007bf518be5170} 'toArray' '()[J' in 'java/util/stream/LongPipeline')}
  0x00007bf616b4ea58: 7516 48b9 | c085 f018 | f57b 0000 | 8089 0902 | 0000 01e9 | d400 0000 

  0x00007bf616b4ea70: ;   {metadata({type array long})}
  0x00007bf616b4ea70: 49b8 8011 | 00b7 f57b | 0000 8b48 | 0849 ba00 | 0000 b7f5 | 7b00 0049 | 03ca 4c3b | 4138 0f85 
  0x00007bf616b4ea90: 9400 0000 

  0x00007bf616b4ea94: ;   {metadata(method data for {method} {0x00007bf518be5170} 'toArray' '()[J' in 'java/util/stream/LongPipeline')}
  0x00007bf616b4ea94: 48b9 c085 | f018 f57b | 0000 448b | 4008 49ba | 0000 00b7 | f57b 0000 | 4d03 c24c | 3b81 2002 
  0x00007bf616b4eab4: 0000 750d | 4883 8128 | 0200 0001 | e97f 0000 | 004c 3b81 | 3002 0000 | 750d 4883 | 8138 0200 
  0x00007bf616b4ead4: 0001 e969 | 0000 0048 | 81b9 2002 | 0000 0000 | 0000 7517 | 4c89 8120 | 0200 0048 | c781 2802 
  0x00007bf616b4eaf4: 0000 0100 | 0000 e945 | 0000 0048 | 81b9 3002 | 0000 0000 | 0000 7517 | 4c89 8130 | 0200 0048 
  0x00007bf616b4eb14: c781 3802 | 0000 0100 | 0000 e921 | 0000 00e9 | 1c00 0000 

  0x00007bf616b4eb28: ;   {metadata(method data for {method} {0x00007bf518be5170} 'toArray' '()[J' in 'java/util/stream/LongPipeline')}
  0x00007bf616b4eb28: 48b9 c085 | f018 f57b | 0000 4883 | a910 0200 | 0001 e967 | 2400 00e9 | 0000 0000 | 488b d848 
  0x00007bf616b4eb48: 8bb4 2410 | 0100 0048 | 3b06 488b 

  0x00007bf616b4eb54: ;   {metadata(method data for {method} {0x00007bf518ec3db8} 'forward' '(Lai/djl/pytorch/engine/PtSymbolBlock;Lai/djl/ndarray/NDList;Z)Lai/djl/ndarray/NDList;' in 'ai/djl/pytorch/jni/IValueUtils')}
  0x00007bf616b4eb54: d648 b9a0 | 78ee 18f5 | 7b00 0048 | 8381 e002 

  0x00007bf616b4eb64: ;   {metadata(method data for {method} {0x00007bf518e131d0} 'getHandle' '()Ljava/lang/Long;' in 'ai/djl/pytorch/engine/PtSymbolBlock')}
  0x00007bf616b4eb64: 0000 0148 | bab8 17ee | 18f5 7b00 | 008b 8af4 | 0000 0083 | c102 898a | f400 0000 | 81e1 feff 
  0x00007bf616b4eb84: 1f00 83f9 | 000f 8425 | 2400 008b | 561c 48c1 | e203 483b | 0248 8bca 

  0x00007bf616b4eb9c: ;   {metadata(method data for {method} {0x00007bf518e131d0} 'getHandle' '()Ljava/lang/Long;' in 'ai/djl/pytorch/engine/PtSymbolBlock')}
  0x00007bf616b4eb9c: 49b8 b817 | ee18 f57b | 0000 4983 | 8038 0100 | 0001 8b52 | 0c48 c1e2 | 0348 83fa 

  0x00007bf616b4ebb8: ;   {metadata(method data for {method} {0x00007bf518e131d0} 'getHandle' '()Ljava/lang/Long;' in 'ai/djl/pytorch/engine/PtSymbolBlock')}
  0x00007bf616b4ebb8: 0075 1648 | b9b8 17ee | 18f5 7b00 | 0080 8969 | 0100 0001 | e9d4 0000 

  0x00007bf616b4ebd0: ;   {metadata('java/lang/Long')}
  0x00007bf616b4ebd0: 0049 b928 | 3904 b7f5 | 7b00 0044 | 8b42 0849 | ba00 0000 | b7f5 7b00 | 004d 03c2 | 4d3b c80f 
  0x00007bf616b4ebf0: 8594 0000 

  0x00007bf616b4ebf4: ;   {metadata(method data for {method} {0x00007bf518e131d0} 'getHandle' '()Ljava/lang/Long;' in 'ai/djl/pytorch/engine/PtSymbolBlock')}
  0x00007bf616b4ebf4: 0048 b9b8 | 17ee 18f5 | 7b00 0044 | 8b4a 0849 | ba00 0000 | b7f5 7b00 | 004d 03ca | 4c3b 8980 
  0x00007bf616b4ec14: 0100 0075 | 0d48 8381 | 8801 0000 | 01e9 7f00 | 0000 4c3b | 8990 0100 | 0075 0d48 | 8381 9801 
  0x00007bf616b4ec34: 0000 01e9 | 6900 0000 | 4881 b980 | 0100 0000 | 0000 0075 | 174c 8989 | 8001 0000 | 48c7 8188 
  0x00007bf616b4ec54: 0100 0001 | 0000 00e9 | 4500 0000 | 4881 b990 | 0100 0000 | 0000 0075 | 174c 8989 | 9001 0000 
  0x00007bf616b4ec74: 48c7 8198 | 0100 0001 | 0000 00e9 | 2100 0000 | e91c 0000 

  0x00007bf616b4ec88: ;   {metadata(method data for {method} {0x00007bf518e131d0} 'getHandle' '()Ljava/lang/Long;' in 'ai/djl/pytorch/engine/PtSymbolBlock')}
  0x00007bf616b4ec88: 0048 b9b8 | 17ee 18f5 | 7b00 0048 | 83a9 7001 | 0000 01e9 | 3a23 0000 | e900 0000 | 004c 8bc2 
  0x00007bf616b4eca8: 4983 f800 

  0x00007bf616b4ecac: ;   {metadata(method data for {method} {0x00007bf518e131d0} 'getHandle' '()Ljava/lang/Long;' in 'ai/djl/pytorch/engine/PtSymbolBlock')}
  0x00007bf616b4ecac: 48ba b817 | ee18 f57b | 0000 48c7 | c1b8 0100 | 000f 8407 | 0000 0048 | c7c1 a801 | 0000 4c8b 
  0x00007bf616b4eccc: 0c0a 4d8d | 4901 4c89 | 0c0a 0f84 | 0320 0000 

  0x00007bf616b4ecdc: ; implicit exception: dispatches to 0x00007bf616b50fe3
  0x00007bf616b4ecdc: 493b 0049 

  0x00007bf616b4ece0: ;   {metadata(method data for {method} {0x00007bf518ec3db8} 'forward' '(Lai/djl/pytorch/engine/PtSymbolBlock;Lai/djl/ndarray/NDList;Z)Lai/djl/ndarray/NDList;' in 'ai/djl/pytorch/jni/IValueUtils')}
  0x00007bf616b4ece0: 8bc8 49b9 | a078 ee18 | f57b 0000 | 4983 8100 | 0300 0001 | 498b 4810 

  0x00007bf616b4ecf8: ;   {oop(a 'ai/djl/pytorch/jni/PyTorchLibrary'{0x000000075407cdb8})}
  0x00007bf616b4ecf8: 48b8 b8cd | 0754 0700 | 0000 4c8b 

  0x00007bf616b4ed04: ;   {metadata(method data for {method} {0x00007bf518ec3db8} 'forward' '(Lai/djl/pytorch/engine/PtSymbolBlock;Lai/djl/ndarray/NDList;Z)Lai/djl/ndarray/NDList;' in 'ai/djl/pytorch/jni/IValueUtils')}
  0x00007bf616b4ed04: c049 b9a0 | 78ee 18f5 | 7b00 0049 | 8381 3803 | 0000 0148 | 8bd1 488b | 8c24 2801 | 0000 4c8b 
  0x00007bf616b4ed24: c344 8b8c | 2418 0100 | 00bf 0000 | 0000 488b | f048 899c | 2448 0100 

  0x00007bf616b4ed3c: ;   {optimized virtual_call}
  0x00007bf616b4ed3c: 0066 90e8 

  0x00007bf616b4ed40: ; ImmutableOopMap {[296]=Oop [304]=Oop [312]=Oop [272]=Oop [288]=Oop [328]=Oop }
                      ;*invokevirtual moduleRunMethod {reexecute=0 rethrow=0 return_oop=0}
                      ; - ai.djl.pytorch.jni.IValueUtils::forward@63 (line 57)
  0x00007bf616b4ed40: 7c3a c406 | 488b 9424 | 2001 0000 

  0x00007bf616b4ed4c: ; implicit exception: dispatches to 0x00007bf616b50fe8
  0x00007bf616b4ed4c: 483b 0248 

  0x00007bf616b4ed50: ;   {metadata(method data for {method} {0x00007bf518ec3db8} 'forward' '(Lai/djl/pytorch/engine/PtSymbolBlock;Lai/djl/ndarray/NDList;Z)Lai/djl/ndarray/NDList;' in 'ai/djl/pytorch/jni/IValueUtils')}
  0x00007bf616b4ed50: 8bf2 48b9 | a078 ee18 | f57b 0000 | 8b76 0849 | ba00 0000 | b7f5 7b00 | 0049 03f2 | 483b b180 
  0x00007bf616b4ed70: 0300 0075 | 0d48 8381 | 8803 0000 | 01e9 6600 | 0000 483b | b190 0300 | 0075 0d48 | 8381 9803 
  0x00007bf616b4ed90: 0000 01e9 | 5000 0000 | 4881 b980 | 0300 0000 | 0000 0075 | 1748 89b1 | 8003 0000 | 48c7 8188 
  0x00007bf616b4edb0: 0300 0001 | 0000 00e9 | 2c00 0000 | 4881 b990 | 0300 0000 | 0000 0075 | 1748 89b1 | 9003 0000 
  0x00007bf616b4edd0: 48c7 8198 | 0300 0001 | 0000 00e9 | 0800 0000 | 4883 8170 | 0300 0001 

  0x00007bf616b4ede8: ;   {metadata(method data for {method} {0x00007bf5b7432b10} 'get' '(I)Ljava/lang/Object;' in 'java/util/ArrayList')}
  0x00007bf616b4ede8: 48be 282f | 04b3 f57b | 0000 8b8e | f400 0000 | 83c1 0289 | 8ef4 0000 | 0081 e1fe | ff1f 0083 
  0x00007bf616b4ee08: f900 0f84 | dd21 0000 

  0x00007bf616b4ee10: ;   {metadata(method data for {method} {0x00007bf5b7432b10} 'get' '(I)Ljava/lang/Object;' in 'java/util/ArrayList')}
  0x00007bf616b4ee10: 8b7a 1048 | be28 2f04 | b3f5 7b00 | 0048 8386 | 3801 0000 

  0x00007bf616b4ee24: ;   {metadata(method data for {method} {0x00007bf5b7073720} 'checkIndex' '(II)I' in 'java/util/Objects')}
  0x00007bf616b4ee24: 0148 bef0 | 3004 b3f5 | 7b00 008b | 8ef4 0000 | 0083 c102 | 898e f400 | 0000 81e1 | feff 1f00 
  0x00007bf616b4ee44: 83f9 000f | 84c1 2100 

  0x00007bf616b4ee4c: ;   {metadata(method data for {method} {0x00007bf5b7073720} 'checkIndex' '(II)I' in 'java/util/Objects')}
  0x00007bf616b4ee4c: 0048 bef0 | 3004 b3f5 | 7b00 0048 | 8386 3801 

  0x00007bf616b4ee5c: ;   {metadata(method data for {method} {0x00007bf5b73c4b58} 'checkIndex' '(IILjava/util/function/BiFunction;)I' in 'jdk/internal/util/Preconditions')}
  0x00007bf616b4ee5c: 0000 0148 | be80 3204 | b3f5 7b00 | 008b 8ef4 | 0000 0083 | c102 898e | f400 0000 | 81e1 feff 
  0x00007bf616b4ee7c: 1f00 83f9 | 000f 84a8 

  0x00007bf616b4ee84: ;   {metadata(method data for {method} {0x00007bf5b73c4b58} 'checkIndex' '(IILjava/util/function/BiFunction;)I' in 'jdk/internal/util/Preconditions')}
  0x00007bf616b4ee84: 2100 0048 | be80 3204 | b3f5 7b00 | 00ff 8648 | 0100 0083 

  0x00007bf616b4ee98: ;   {metadata(method data for {method} {0x00007bf5b73c4b58} 'checkIndex' '(IILjava/util/function/BiFunction;)I' in 'jdk/internal/util/Preconditions')}
  0x00007bf616b4ee98: ff00 48be | 8032 04b3 | f57b 0000 | 48c7 c168 | 0100 000f | 8e07 0000 | 0048 c7c1 | 5801 0000 
  0x00007bf616b4eeb8: 4c8b 040e | 4d8d 4001 | 4c89 040e | 0f8e ca1d | 0000 488b 

  0x00007bf616b4eecc: ;   {metadata(method data for {method} {0x00007bf5b7432b10} 'get' '(I)Ljava/lang/Object;' in 'java/util/ArrayList')}
  0x00007bf616b4eecc: f248 b928 | 2f04 b3f5 | 7b00 008b | 7608 49ba | 0000 00b7 | f57b 0000 | 4903 f248 | 3bb1 5801 
  0x00007bf616b4eeec: 0000 750d | 4883 8160 | 0100 0001 | e966 0000 | 0048 3bb1 | 6801 0000 | 750d 4883 | 8170 0100 
  0x00007bf616b4ef0c: 0001 e950 | 0000 0048 | 81b9 5801 | 0000 0000 | 0000 7517 | 4889 b158 | 0100 0048 | c781 6001 
  0x00007bf616b4ef2c: 0000 0100 | 0000 e92c | 0000 0048 | 81b9 6801 | 0000 0000 | 0000 7517 | 4889 b168 | 0100 0048 
  0x00007bf616b4ef4c: c781 7001 | 0000 0100 | 0000 e908 | 0000 0048 | 8381 4801 

  0x00007bf616b4ef60: ;   {metadata(method data for {method} {0x00007bf5b74331e8} 'elementData' '(I)Ljava/lang/Object;' in 'java/util/ArrayList')}
  0x00007bf616b4ef60: 0000 0148 | be80 3604 | b3f5 7b00 | 008b 8ef4 | 0000 0083 | c102 898e | f400 0000 | 81e1 feff 
  0x00007bf616b4ef80: 1f00 83f9 | 000f 84c5 | 2000 008b | 7214 48c1 | e603 817e | 0c00 0000 | 000f 86dc | 2000 008b 
  0x00007bf616b4efa0: 7610 48c1 | e603 4889 | 8424 5001 | 0000 448b | 8c24 1c01 | 0000 4883 | fe00 7517 

  0x00007bf616b4efbc: ;   {metadata(method data for {method} {0x00007bf518ec3db8} 'forward' '(Lai/djl/pytorch/engine/PtSymbolBlock;Lai/djl/ndarray/NDList;Z)Lai/djl/ndarray/NDList;' in 'ai/djl/pytorch/jni/IValueUtils')}
  0x00007bf616b4efbc: 49b8 a078 | ee18 f57b | 0000 4180 | 88a1 0300 | 0001 e9f3 

  0x00007bf616b4efd0: ;   {metadata('ai/djl/ndarray/NDArray')}
  0x00007bf616b4efd0: 0000 0048 | bf20 35aa | b8f5 7b00 | 0044 8b46 | 0849 ba00 | 0000 b7f5 | 7b00 004d | 03c2 493b 
  0x00007bf616b4eff0: 7820 0f84 | 1f00 0000 | 4c3b c70f | 8416 0000 | 0041 5057 

  0x00007bf616b4f004: ;   {runtime_call slow_subtype_check Runtime1 stub}
  0x00007bf616b4f004: e8f7 c1ee | 0541 5841 | 5841 83f8 | 000f 8493 

  0x00007bf616b4f014: ;   {metadata(method data for {method} {0x00007bf518ec3db8} 'forward' '(Lai/djl/pytorch/engine/PtSymbolBlock;Lai/djl/ndarray/NDList;Z)Lai/djl/ndarray/NDList;' in 'ai/djl/pytorch/jni/IValueUtils')}
  0x00007bf616b4f014: 0000 0049 | b8a0 78ee | 18f5 7b00 | 008b 7e08 | 49ba 0000 | 00b7 f57b | 0000 4903 | fa49 3bb8 
  0x00007bf616b4f034: b803 0000 | 750d 4983 | 80c0 0300 | 0001 e97f | 0000 0049 | 3bb8 c803 | 0000 750d | 4983 80d0 
  0x00007bf616b4f054: 0300 0001 | e969 0000 | 0049 81b8 | b803 0000 | 0000 0000 | 7517 4989 | b8b8 0300 | 0049 c780 
  0x00007bf616b4f074: c003 0000 | 0100 0000 | e945 0000 | 0049 81b8 | c803 0000 | 0000 0000 | 7517 4989 | b8c8 0300 
  0x00007bf616b4f094: 0049 c780 | d003 0000 | 0100 0000 | e921 0000 | 00e9 1c00 

  0x00007bf616b4f0a8: ;   {metadata(method data for {method} {0x00007bf518ec3db8} 'forward' '(Lai/djl/pytorch/engine/PtSymbolBlock;Lai/djl/ndarray/NDList;Z)Lai/djl/ndarray/NDList;' in 'ai/djl/pytorch/jni/IValueUtils')}
  0x00007bf616b4f0a8: 0000 49b8 | a078 ee18 | f57b 0000 | 4983 a8a8 | 0300 0001 | e9cc 1f00 | 00e9 0000 | 0000 4883 
  0x00007bf616b4f0c8: fe00 0f84 | 2900 0000 

  0x00007bf616b4f0d0: ;   {metadata('ai/djl/pytorch/engine/PtNDArray')}
  0x00007bf616b4f0d0: 48bb c0a6 | aab8 f57b | 0000 8b7e | 0849 ba00 | 0000 b7f5 | 7b00 0049 | 03fa 483b | 5f40 0f85 
  0x00007bf616b4f0f0: a21f 0000 | e900 0000 | 0048 8bce 

  0x00007bf616b4f0fc: ; implicit exception: dispatches to 0x00007bf616b5109b
  0x00007bf616b4f0fc: 483b 0648 

  0x00007bf616b4f100: ;   {metadata(method data for {method} {0x00007bf518ec3db8} 'forward' '(Lai/djl/pytorch/engine/PtSymbolBlock;Lai/djl/ndarray/NDList;Z)Lai/djl/ndarray/NDList;' in 'ai/djl/pytorch/jni/IValueUtils')}
  0x00007bf616b4f100: 8bce 49b8 | a078 ee18 | f57b 0000 | 4983 80f8 | 0300 0001 

  0x00007bf616b4f114: ;   {metadata(method data for {method} {0x00007bf518e36210} 'getManager' '()Lai/djl/ndarray/NDManager;' in 'ai/djl/pytorch/engine/PtNDArray')}
  0x00007bf616b4f114: 48b9 b884 | ee18 f57b | 0000 448b | 81f4 0000 | 0041 83c0 | 0244 8981 | f400 0000 | 4181 e0fe 
  0x00007bf616b4f134: ff1f 0041 | 83f8 000f | 845f 1f00 | 0048 8bce 

  0x00007bf616b4f144: ;   {metadata(method data for {method} {0x00007bf518e36210} 'getManager' '()Lai/djl/ndarray/NDManager;' in 'ai/djl/pytorch/engine/PtNDArray')}
  0x00007bf616b4f144: 49b8 b884 | ee18 f57b | 0000 4983 | 8050 0100 | 0001 8b7e | 3048 c1e7 

  0x00007bf616b4f15c: ;   {metadata(method data for {method} {0x00007bf518ec3db8} 'forward' '(Lai/djl/pytorch/engine/PtSymbolBlock;Lai/djl/ndarray/NDList;Z)Lai/djl/ndarray/NDList;' in 'ai/djl/pytorch/jni/IValueUtils')}
  0x00007bf616b4f15c: 0348 bea0 | 78ee 18f5 | 7b00 0048 | 8386 5004 

  0x00007bf616b4f16c: ;   {metadata(method data for {method} {0x00007bf5b73e6a58} 'stream' '([Ljava/lang/Object;)Ljava/util/stream/Stream;' in 'java/util/Arrays')}
  0x00007bf616b4f16c: 0000 0148 | be08 793c | b4f5 7b00 | 008b 8ef4 | 0000 0083 | c102 898e | f400 0000 | 81e1 feff 
  0x00007bf616b4f18c: 1f00 83f9 | 000f 842a 

  0x00007bf616b4f194: ;   {metadata(method data for {method} {0x00007bf5b73e6a58} 'stream' '([Ljava/lang/Object;)Ljava/util/stream/Stream;' in 'java/util/Arrays')}
  0x00007bf616b4f194: 1f00 0048 | be08 793c | b4f5 7b00 | 0048 8386 | 3801 0000 

  0x00007bf616b4f1a8: ;   {metadata(method data for {method} {0x00007bf5b73e6a00} 'stream' '([Ljava/lang/Object;II)Ljava/util/stream/Stream;' in 'java/util/Arrays')}
  0x00007bf616b4f1a8: 0148 be90 | 7a3c b4f5 | 7b00 008b | 8ef4 0000 | 0083 c102 | 898e f400 | 0000 81e1 | feff 1f00 
  0x00007bf616b4f1c8: 83f9 000f | 8411 1f00 

  0x00007bf616b4f1d0: ;   {metadata(method data for {method} {0x00007bf5b73e6a00} 'stream' '([Ljava/lang/Object;II)Ljava/util/stream/Stream;' in 'java/util/Arrays')}
  0x00007bf616b4f1d0: 0048 be90 | 7a3c b4f5 | 7b00 0048 | 8386 3801 

  0x00007bf616b4f1e0: ;   {metadata(method data for {method} {0x00007bf5b73e62c8} 'spliterator' '([Ljava/lang/Object;II)Ljava/util/Spliterator;' in 'java/util/Arrays')}
  0x00007bf616b4f1e0: 0000 0148 | be38 7c3c | b4f5 7b00 | 008b 8ef4 | 0000 0083 | c102 898e | f400 0000 | 81e1 feff 
  0x00007bf616b4f200: 1f00 83f9 | 000f 84f8 

  0x00007bf616b4f208: ;   {metadata(method data for {method} {0x00007bf5b73e62c8} 'spliterator' '([Ljava/lang/Object;II)Ljava/util/Spliterator;' in 'java/util/Arrays')}
  0x00007bf616b4f208: 1e00 0048 | be38 7c3c | b4f5 7b00 | 0048 8386 | 3801 0000 | 0148 8bb4 | 2430 0100 | 00ba 0000 
  0x00007bf616b4f228: 0000 498b | c941 b810 | 0400 0048 | 89bc 2458 | 0100 000f 

  0x00007bf616b4f23c: ;   {static_call}
  0x00007bf616b4f23c: 1f40 00e8 

  0x00007bf616b4f240: ; ImmutableOopMap {[296]=Oop [304]=Oop [312]=Oop [272]=Oop [328]=Oop [288]=Oop [344]=Oop }
                      ;*invokestatic spliterator {reexecute=0 rethrow=0 return_oop=0}
                      ; - java.util.Arrays::spliterator@6 (line 5296)
                      ; - java.util.Arrays::stream@3 (line 5447)
                      ; - java.util.Arrays::stream@4 (line 5428)
                      ; - ai.djl.pytorch.jni.IValueUtils::forward@88 (line 60)
  0x00007bf616b4f240: 5c33 9506 

  0x00007bf616b4f244: ;   {metadata(method data for {method} {0x00007bf5b73e6a00} 'stream' '([Ljava/lang/Object;II)Ljava/util/stream/Stream;' in 'java/util/Arrays')}
  0x00007bf616b4f244: 48be 90